 Volume in drive D is Data
 Volume Serial Number is 0C99-49B6

 Directory of D:\eclipse_workspaces\rcp\Dynamo-HIA_UI

02-09-2008  13:52    <DIR>          .
02-09-2008  13:52    <DIR>          ..
26-06-2008  17:44             2.025 .classpath
19-06-2008  10:02               389 .project
09-07-2008  11:06    <DIR>          bin
25-06-2008  15:40                 0 cdm.log
27-06-2008  10:37    <DIR>          configbase
27-06-2008  10:37    <DIR>          CVS
02-09-2008  13:52                 0 DynHiaUIrcp.lst
27-06-2008  10:37    <DIR>          lib
08-07-2008  17:41    <DIR>          src
               4 File(s)          2.414 bytes

 Directory of D:\eclipse_workspaces\rcp\Dynamo-HIA_UI\bin

09-07-2008  11:06    <DIR>          .
09-07-2008  11:06    <DIR>          ..
21-02-2008  21:30             2.485 examples_fileviewer.properties
01-07-2008  17:29               938 log4j.properties
09-07-2008  11:06    <DIR>          nl
09-07-2008  11:06    <DIR>          org
               2 File(s)          3.423 bytes

 Directory of D:\eclipse_workspaces\rcp\Dynamo-HIA_UI\bin\nl

09-07-2008  11:06    <DIR>          .
09-07-2008  11:06    <DIR>          ..
09-07-2008  11:06    <DIR>          rivm
               0 File(s)              0 bytes

 Directory of D:\eclipse_workspaces\rcp\Dynamo-HIA_UI\bin\nl\rivm

09-07-2008  11:06    <DIR>          .
09-07-2008  11:06    <DIR>          ..
09-07-2008  11:06    <DIR>          emi
               0 File(s)              0 bytes

 Directory of D:\eclipse_workspaces\rcp\Dynamo-HIA_UI\bin\nl\rivm\emi

09-07-2008  11:06    <DIR>          .
09-07-2008  11:06    <DIR>          ..
09-07-2008  11:06    <DIR>          cdm
09-07-2008  11:06    <DIR>          dynamo
               0 File(s)              0 bytes

 Directory of D:\eclipse_workspaces\rcp\Dynamo-HIA_UI\bin\nl\rivm\emi\cdm

09-07-2008  11:06    <DIR>          .
09-07-2008  11:06    <DIR>          ..
09-07-2008  11:06    <DIR>          exceptions
               0 File(s)              0 bytes

 Directory of D:\eclipse_workspaces\rcp\Dynamo-HIA_UI\bin\nl\rivm\emi\cdm\exceptions

09-07-2008  11:06    <DIR>          .
09-07-2008  11:06    <DIR>          ..
09-07-2008  11:06             4.746 CDMConfigurationException.class
               1 File(s)          4.746 bytes

 Directory of D:\eclipse_workspaces\rcp\Dynamo-HIA_UI\bin\nl\rivm\emi\dynamo

09-07-2008  11:06    <DIR>          .
09-07-2008  11:06    <DIR>          ..
09-07-2008  11:06    <DIR>          data
09-07-2008  11:06    <DIR>          databinding
09-07-2008  11:06    <DIR>          listeners
09-07-2008  13:37    <DIR>          ui
               0 File(s)              0 bytes

 Directory of D:\eclipse_workspaces\rcp\Dynamo-HIA_UI\bin\nl\rivm\emi\dynamo\data

09-07-2008  11:06    <DIR>          .
09-07-2008  11:06    <DIR>          ..
09-07-2008  11:06               971 AgeContainer.class
09-07-2008  11:06               779 Gender.class
09-07-2008  11:06               877 IntegerValidator.class
09-07-2008  11:06               675 Probability.class
09-07-2008  11:06             1.417 SimulationFromXMLFactory.class
09-07-2008  11:06    <DIR>          values
               5 File(s)          4.719 bytes

 Directory of D:\eclipse_workspaces\rcp\Dynamo-HIA_UI\bin\nl\rivm\emi\dynamo\data\values

09-07-2008  11:06    <DIR>          .
09-07-2008  11:06    <DIR>          ..
09-07-2008  11:06               850 AgeWritableValue$IntegerValueDiff.class
09-07-2008  11:06             1.578 AgeWritableValue.class
               2 File(s)          2.428 bytes

 Directory of D:\eclipse_workspaces\rcp\Dynamo-HIA_UI\bin\nl\rivm\emi\dynamo\databinding

09-07-2008  11:06    <DIR>          .
09-07-2008  11:06    <DIR>          ..
09-07-2008  11:06    <DIR>          converters
09-07-2008  11:06    <DIR>          validators
               0 File(s)              0 bytes

 Directory of D:\eclipse_workspaces\rcp\Dynamo-HIA_UI\bin\nl\rivm\emi\dynamo\databinding\converters

09-07-2008  11:06    <DIR>          .
09-07-2008  11:06    <DIR>          ..
09-07-2008  11:06             1.005 AgeIntegerToStringConverter.class
09-07-2008  11:06             1.047 AgeStringToIntegerConverter.class
               2 File(s)          2.052 bytes

 Directory of D:\eclipse_workspaces\rcp\Dynamo-HIA_UI\bin\nl\rivm\emi\dynamo\databinding\validators

09-07-2008  11:06    <DIR>          .
09-07-2008  11:06    <DIR>          ..
09-07-2008  11:06             2.584 AfterGetFromViewAgeValidator.class
09-07-2008  11:06             2.125 GenderValidator.class
09-07-2008  11:06               796 IntegerInAgeRangeValidator.class
09-07-2008  11:06    <DIR>          test
               3 File(s)          5.505 bytes

 Directory of D:\eclipse_workspaces\rcp\Dynamo-HIA_UI\bin\nl\rivm\emi\dynamo\databinding\validators\test

09-07-2008  11:06    <DIR>          .
09-07-2008  11:06    <DIR>          ..
09-07-2008  11:06             1.523 TestValidators.class
               1 File(s)          1.523 bytes

 Directory of D:\eclipse_workspaces\rcp\Dynamo-HIA_UI\bin\nl\rivm\emi\dynamo\listeners

09-07-2008  11:06    <DIR>          .
09-07-2008  11:06    <DIR>          ..
09-07-2008  11:06               648 AbstractLoggingClass.class
09-07-2008  11:06             1.396 TestControlListener.class
09-07-2008  11:06             1.227 TestDisposeListener.class
09-07-2008  11:06             1.248 TestDragDetectlListener.class
09-07-2008  11:06             1.368 TestFocusListener.class
09-07-2008  11:06             1.205 TestHelpListener.class
09-07-2008  11:06             1.362 TestKeyListener.class
09-07-2008  11:06             1.147 TestListener.class
09-07-2008  11:06             1.248 TestMenuDetectListener.class
09-07-2008  11:06             1.543 TestMouseListener.class
09-07-2008  11:06             1.223 TestMouseMoveListener.class
09-07-2008  11:06             1.557 TestMouseTrackListener.class
09-07-2008  11:06             1.235 TestMouseWheelListener.class
09-07-2008  11:06             1.213 TestPaintListener.class
09-07-2008  11:06             1.432 TestSelectionListener.class
09-07-2008  11:06             1.234 TestTraverseListener.class
              16 File(s)         20.286 bytes

 Directory of D:\eclipse_workspaces\rcp\Dynamo-HIA_UI\bin\nl\rivm\emi\dynamo\ui

09-07-2008  13:37    <DIR>          .
09-07-2008  13:37    <DIR>          ..
09-07-2008  11:06    <DIR>          main
09-07-2008  11:06    <DIR>          parametercontrols
09-07-2008  11:06    <DIR>          poc
11-07-2008  16:05    <DIR>          treecontrol
09-07-2008  11:06    <DIR>          verification
               0 File(s)              0 bytes

 Directory of D:\eclipse_workspaces\rcp\Dynamo-HIA_UI\bin\nl\rivm\emi\dynamo\ui\main

09-07-2008  11:06    <DIR>          .
09-07-2008  11:06    <DIR>          ..
09-07-2008  11:06               457 ContainerTreeItem.class
09-07-2008  11:06             1.965 TreeViewWindow.class
               2 File(s)          2.422 bytes

 Directory of D:\eclipse_workspaces\rcp\Dynamo-HIA_UI\bin\nl\rivm\emi\dynamo\ui\parametercontrols

09-07-2008  11:06    <DIR>          .
09-07-2008  11:06    <DIR>          ..
09-07-2008  11:06             2.028 AgeGenderList.class
09-07-2008  11:06             1.784 DatabindableAgeGenderRow.class
09-07-2008  11:06             2.284 DemoTableViewer$1.class
09-07-2008  11:06             1.210 DemoTableViewer$DummyContentProvider.class
09-07-2008  11:06               745 DemoTableViewer$DummyElement.class
09-07-2008  11:06             1.570 DemoTableViewer$DummyLabelProvider.class
09-07-2008  11:06             5.802 DemoTableViewer.class
09-07-2008  13:36    <DIR>          prototype
09-07-2008  11:06             1.503 Snippet013TableViewerEditing$1.class
09-07-2008  11:06             1.616 Snippet013TableViewerEditing$AbstractModelObject.class
09-07-2008  11:06             2.394 Snippet013TableViewerEditing$InlineEditingSupport$ColumnViewerEditorActivationListenerHelper.class
09-07-2008  11:06             4.844 Snippet013TableViewerEditing$InlineEditingSupport.class
09-07-2008  11:06             1.054 Snippet013TableViewerEditing$Person.class
09-07-2008  11:06             5.509 Snippet013TableViewerEditing$View.class
09-07-2008  11:06             1.203 Snippet013TableViewerEditing$ViewModel.class
09-07-2008  11:06             1.649 Snippet013TableViewerEditing.class
09-07-2008  11:06    <DIR>          test
09-07-2008  11:06             1.123 YearIntegerDataRow.class
09-07-2008  11:06             1.654 YearIntegerList.class
              17 File(s)         37.972 bytes

 Directory of D:\eclipse_workspaces\rcp\Dynamo-HIA_UI\bin\nl\rivm\emi\dynamo\ui\parametercontrols\prototype

09-07-2008  13:36    <DIR>          .
09-07-2008  13:36    <DIR>          ..
09-07-2008  11:06             1.541 AgeGenderDatabindingPrototype$1.class
09-07-2008  11:06             1.170 AgeGenderDatabindingPrototype$2.class
09-07-2008  11:06             1.170 AgeGenderDatabindingPrototype$3.class
09-07-2008  11:06             1.551 AgeGenderDatabindingPrototype$4.class
09-07-2008  11:06             1.180 AgeGenderDatabindingPrototype$5.class
09-07-2008  11:06             1.180 AgeGenderDatabindingPrototype$6.class
09-07-2008  11:06             1.408 AgeGenderDatabindingPrototype$CrossFieldValidator.class
09-07-2008  11:06             5.198 AgeGenderDatabindingPrototype.class
09-07-2008  11:06             1.445 AgeGenderRow.class
09-07-2008  11:06             2.920 SingleAgeGenderComposite.class
09-07-2008  11:06    <DIR>          test
              10 File(s)         18.763 bytes

 Directory of D:\eclipse_workspaces\rcp\Dynamo-HIA_UI\bin\nl\rivm\emi\dynamo\ui\parametercontrols\prototype\test

09-07-2008  11:06    <DIR>          .
09-07-2008  11:06    <DIR>          ..
09-07-2008  11:06             1.735 ScrollListener.class
09-07-2008  11:06             3.069 TestAgeGenderList.class
               2 File(s)          4.804 bytes

 Directory of D:\eclipse_workspaces\rcp\Dynamo-HIA_UI\bin\nl\rivm\emi\dynamo\ui\parametercontrols\test

09-07-2008  11:06    <DIR>          .
09-07-2008  11:06    <DIR>          ..
09-07-2008  11:06             4.909 TestLists.class
09-07-2008  11:06             5.837 TestScrollingYearNumberList.class
               2 File(s)         10.746 bytes

 Directory of D:\eclipse_workspaces\rcp\Dynamo-HIA_UI\bin\nl\rivm\emi\dynamo\ui\poc

09-07-2008  11:06    <DIR>          .
09-07-2008  11:06    <DIR>          ..
09-07-2008  11:06             3.442 ButtonPanel.class
09-07-2008  11:06             2.268 DiseasePanel.class
09-07-2008  11:06             2.812 HelpPanel.class
09-07-2008  11:06             2.131 IncidenceDataTable$1.class
09-07-2008  11:06             1.158 IncidenceDataTable$DummyContentProvider.class
09-07-2008  11:06               715 IncidenceDataTable$DummyElement.class
09-07-2008  11:06             1.518 IncidenceDataTable$DummyLabelProvider.class
09-07-2008  11:06             3.309 IncidenceDataTable.class
09-07-2008  11:06             1.130 IncidenceMaintenanceScreenDummy$1.class
09-07-2008  11:06             1.172 IncidenceMaintenanceScreenDummy$2.class
09-07-2008  11:06             2.007 IncidenceMaintenanceScreenDummy$DebugTextMouseMoveListener.class
09-07-2008  11:06             1.751 IncidenceMaintenanceScreenDummy$ShellMouseMoveListener.class
09-07-2008  11:06             5.660 IncidenceMaintenanceScreenDummy.class
09-07-2008  11:06             3.943 IncidencePanel.class
09-07-2008  11:06             5.327 IncidenceValuesChart.class
09-07-2008  11:06             1.504 MyTextViewer.class
09-07-2008  11:06             1.022 SimScreenDemo$1.class
09-07-2008  11:06             3.652 SimScreenDemo.class
              18 File(s)         44.521 bytes

 Directory of D:\eclipse_workspaces\rcp\Dynamo-HIA_UI\bin\nl\rivm\emi\dynamo\ui\treecontrol

11-07-2008  16:05    <DIR>          .
11-07-2008  16:05    <DIR>          ..
11-07-2008  11:38               554 BaseNode.class
11-07-2008  11:52               275 ChildNode.class
11-07-2008  15:23             3.103 DirectoryNode.class
11-07-2008  15:33    <DIR>          examples
11-07-2008  15:24             1.615 FileNode.class
11-07-2008  14:59               404 ParentNode.class
11-07-2008  15:29             2.120 RootNode.class
11-07-2008  18:09             1.865 StorageTree.class
11-07-2008  15:38             2.000 StorageTreeContentProvider.class
10-07-2008  13:55               417 StorageTreeException.class
10-07-2008  16:16    <DIR>          test
11-07-2008  16:05               858 TreeViewerPlusCustomMenu$1.class
11-07-2008  16:05             2.128 TreeViewerPlusCustomMenu$2.class
11-07-2008  16:05             2.259 TreeViewerPlusCustomMenu.class
              12 File(s)         17.598 bytes

 Directory of D:\eclipse_workspaces\rcp\Dynamo-HIA_UI\bin\nl\rivm\emi\dynamo\ui\treecontrol\examples

11-07-2008  15:33    <DIR>          .
11-07-2008  15:33    <DIR>          ..
21-02-2008  21:30               167 cmd_Copy.gif
21-02-2008  21:30               152 cmd_Cut.gif
21-02-2008  21:30               143 cmd_Delete.gif
21-02-2008  21:30               132 cmd_Parent.gif
21-02-2008  21:30               245 cmd_Paste.gif
21-02-2008  21:30               227 cmd_Print.gif
21-02-2008  21:30               182 cmd_Refresh.gif
21-02-2008  21:30               163 cmd_Rename.gif
21-02-2008  21:30               153 cmd_Search.gif
11-07-2008  15:33             1.931 Example_FileTreeViewer$1.class
11-07-2008  15:33             1.703 Example_FileTreeViewer$10.class
11-07-2008  15:33             2.746 Example_FileTreeViewer$11.class
11-07-2008  15:33             2.651 Example_FileTreeViewer$12.class
11-07-2008  15:33             1.811 Example_FileTreeViewer$13.class
11-07-2008  15:33             2.622 Example_FileTreeViewer$14.class
11-07-2008  15:33             2.732 Example_FileTreeViewer$15.class
11-07-2008  15:33             1.633 Example_FileTreeViewer$16.class
11-07-2008  15:33             1.802 Example_FileTreeViewer$17.class
11-07-2008  15:33             1.242 Example_FileTreeViewer$2.class
11-07-2008  15:33             1.138 Example_FileTreeViewer$3.class
11-07-2008  15:33             1.656 Example_FileTreeViewer$4.class
11-07-2008  15:33               996 Example_FileTreeViewer$5.class
11-07-2008  15:33               997 Example_FileTreeViewer$6.class
11-07-2008  15:33             1.499 Example_FileTreeViewer$7.class
11-07-2008  15:33             1.926 Example_FileTreeViewer$8.class
11-07-2008  15:33             1.935 Example_FileTreeViewer$9.class
11-07-2008  15:33             1.194 Example_FileTreeViewer$ProgressDialog$1.class
11-07-2008  15:33             1.350 Example_FileTreeViewer$ProgressDialog$2.class
11-07-2008  15:33             5.078 Example_FileTreeViewer$ProgressDialog.class
11-07-2008  15:33            32.425 Example_FileTreeViewer.class
21-02-2008  21:30               158 generic_example.gif
11-07-2008  15:33             4.892 IconCache.class
21-02-2008  21:30               217 icon_ClosedDrive.gif
21-02-2008  21:30               160 icon_ClosedFolder.gif
21-02-2008  21:30               152 icon_File.gif
21-02-2008  21:30               231 icon_OpenDrive.gif
21-02-2008  21:30               152 icon_OpenFolder.gif
              37 File(s)         78.593 bytes

 Directory of D:\eclipse_workspaces\rcp\Dynamo-HIA_UI\bin\nl\rivm\emi\dynamo\ui\treecontrol\test

10-07-2008  16:16    <DIR>          .
10-07-2008  16:16    <DIR>          ..
11-07-2008  15:34             3.266 Test2.class
10-07-2008  13:55             1.213 TestSimplifiedFileTreeViewer.class
10-07-2008  13:55             3.031 TestStorageTree.class
               3 File(s)          7.510 bytes

 Directory of D:\eclipse_workspaces\rcp\Dynamo-HIA_UI\bin\nl\rivm\emi\dynamo\ui\verification

09-07-2008  11:06    <DIR>          .
09-07-2008  11:06    <DIR>          ..
09-07-2008  11:06             1.897 AgeTextVerificationListener.class
               1 File(s)          1.897 bytes

 Directory of D:\eclipse_workspaces\rcp\Dynamo-HIA_UI\bin\org

09-07-2008  11:06    <DIR>          .
09-07-2008  11:06    <DIR>          ..
09-07-2008  11:09    <DIR>          eclipse
               0 File(s)              0 bytes

 Directory of D:\eclipse_workspaces\rcp\Dynamo-HIA_UI\bin\org\eclipse

09-07-2008  11:09    <DIR>          .
09-07-2008  11:09    <DIR>          ..
09-07-2008  11:09    <DIR>          jface
09-07-2008  11:06    <DIR>          swt
               0 File(s)              0 bytes

 Directory of D:\eclipse_workspaces\rcp\Dynamo-HIA_UI\bin\org\eclipse\jface

09-07-2008  11:09    <DIR>          .
09-07-2008  11:09    <DIR>          ..
09-07-2008  11:09    <DIR>          snippets
               0 File(s)              0 bytes

 Directory of D:\eclipse_workspaces\rcp\Dynamo-HIA_UI\bin\org\eclipse\jface\snippets

09-07-2008  11:09    <DIR>          .
09-07-2008  11:09    <DIR>          ..
09-07-2008  11:11    <DIR>          viewers
               0 File(s)              0 bytes

 Directory of D:\eclipse_workspaces\rcp\Dynamo-HIA_UI\bin\org\eclipse\jface\snippets\viewers

09-07-2008  11:11    <DIR>          .
09-07-2008  11:11    <DIR>          ..
09-07-2008  11:11               801 Snippet005TreeCustomMenu$1.class
09-07-2008  11:11             2.114 Snippet005TreeCustomMenu$2.class
09-07-2008  11:11             2.126 Snippet005TreeCustomMenu$MyContentProvider.class
09-07-2008  11:11             1.407 Snippet005TreeCustomMenu$MyModel.class
09-07-2008  11:11             3.668 Snippet005TreeCustomMenu.class
               5 File(s)         10.116 bytes

 Directory of D:\eclipse_workspaces\rcp\Dynamo-HIA_UI\bin\org\eclipse\swt

09-07-2008  11:06    <DIR>          .
09-07-2008  11:06    <DIR>          ..
09-07-2008  11:06    <DIR>          examples
               0 File(s)              0 bytes

 Directory of D:\eclipse_workspaces\rcp\Dynamo-HIA_UI\bin\org\eclipse\swt\examples

09-07-2008  11:06    <DIR>          .
09-07-2008  11:06    <DIR>          ..
09-07-2008  13:39    <DIR>          fileviewer
               0 File(s)              0 bytes

 Directory of D:\eclipse_workspaces\rcp\Dynamo-HIA_UI\bin\org\eclipse\swt\examples\fileviewer

09-07-2008  13:39    <DIR>          .
09-07-2008  13:39    <DIR>          ..
21-02-2008  21:30               167 cmd_Copy.gif
21-02-2008  21:30               152 cmd_Cut.gif
21-02-2008  21:30               143 cmd_Delete.gif
21-02-2008  21:30               132 cmd_Parent.gif
21-02-2008  21:30               245 cmd_Paste.gif
21-02-2008  21:30               227 cmd_Print.gif
21-02-2008  21:30               182 cmd_Refresh.gif
21-02-2008  21:30               163 cmd_Rename.gif
21-02-2008  21:30               153 cmd_Search.gif
09-07-2008  13:39             1.691 FileViewer$1.class
09-07-2008  13:39             1.577 FileViewer$10.class
09-07-2008  13:39             2.582 FileViewer$11.class
09-07-2008  13:39             2.487 FileViewer$12.class
09-07-2008  13:39             1.685 FileViewer$13.class
09-07-2008  13:39             2.477 FileViewer$14.class
09-07-2008  13:39             2.568 FileViewer$15.class
09-07-2008  13:39             1.469 FileViewer$16.class
09-07-2008  13:39             1.657 FileViewer$17.class
09-07-2008  13:39             1.116 FileViewer$2.class
09-07-2008  13:39             1.012 FileViewer$3.class
09-07-2008  13:39             1.530 FileViewer$4.class
09-07-2008  13:39               889 FileViewer$5.class
09-07-2008  13:39               890 FileViewer$6.class
09-07-2008  13:39             1.392 FileViewer$7.class
09-07-2008  13:39             1.800 FileViewer$8.class
09-07-2008  13:39             1.790 FileViewer$9.class
09-07-2008  13:39             1.049 FileViewer$ProgressDialog$1.class
09-07-2008  13:39             1.205 FileViewer$ProgressDialog$2.class
09-07-2008  13:39             4.895 FileViewer$ProgressDialog.class
09-07-2008  13:39            31.544 FileViewer.class
21-02-2008  21:30               158 generic_example.gif
09-07-2008  13:38             4.859 IconCache.class
21-02-2008  21:30               217 icon_ClosedDrive.gif
21-02-2008  21:30               160 icon_ClosedFolder.gif
21-02-2008  21:30               152 icon_File.gif
21-02-2008  21:30               231 icon_OpenDrive.gif
21-02-2008  21:30               152 icon_OpenFolder.gif
09-07-2008  13:38             4.890 TestTree.class
              38 File(s)         79.688 bytes

 Directory of D:\eclipse_workspaces\rcp\Dynamo-HIA_UI\configbase

27-06-2008  10:37    <DIR>          .
27-06-2008  10:37    <DIR>          ..
26-06-2008  17:58               568 agegenderprobability.xml
27-06-2008  10:37    <DIR>          CVS
               1 File(s)            568 bytes

 Directory of D:\eclipse_workspaces\rcp\Dynamo-HIA_UI\configbase\CVS

27-06-2008  10:37    <DIR>          .
27-06-2008  10:37    <DIR>          ..
27-06-2008  10:37                58 Entries
27-06-2008  10:37                26 Repository
27-06-2008  10:37                47 Root
               3 File(s)            131 bytes

 Directory of D:\eclipse_workspaces\rcp\Dynamo-HIA_UI\CVS

27-06-2008  10:37    <DIR>          .
27-06-2008  10:37    <DIR>          ..
27-06-2008  10:37               126 Entries
27-06-2008  10:36                15 Repository
27-06-2008  10:36                47 Root
               3 File(s)            188 bytes

 Directory of D:\eclipse_workspaces\rcp\Dynamo-HIA_UI\lib

27-06-2008  10:37    <DIR>          .
27-06-2008  10:37    <DIR>          ..
28-02-2008  01:51         4.072.434 com.ibm.icu_3.6.1.v20070906.jar
18-03-2008  17:35           271.849 commons-configuration-1.5.jar
18-03-2008  17:35           245.274 commons-lang-2.3.jar
09-11-2007  15:12            38.015 commons-logging.jar
27-06-2008  10:37    <DIR>          CVS
09-06-2008  11:05           307.860 jcommon-1.0.13.jar
09-06-2008  11:05            72.968 jfreechart-1.0.10-swt.jar
09-06-2008  11:04         1.311.979 jfreechart-1.0.10.jar
09-11-2007  15:12           112.249 junit-4.1.jar
09-11-2007  15:12           352.291 log4j-1.2.9.jar
28-02-2008  01:51           103.384 org.eclipse.core.commands_3.3.0.I20070605-0010.jar
28-02-2008  01:51            38.157 org.eclipse.core.databinding.beans_1.0.1.M20070910-0800b.jar
28-02-2008  01:51           249.671 org.eclipse.core.databinding_1.0.1.M20070822-0800.jar
28-02-2008  01:51            76.726 org.eclipse.equinox.app_1.0.1.R33x_v20070828.jar
28-02-2008  01:51            92.736 org.eclipse.equinox.common_3.3.0.v20070426.jar
28-02-2008  01:51            42.812 org.eclipse.equinox.launcher_1.0.1.R33x_v20080118.jar
28-02-2008  01:51           103.496 org.eclipse.equinox.preferences_3.2.101.R33x_v20080117.jar
28-02-2008  01:51           161.018 org.eclipse.equinox.registry_3.3.1.R33x_v20070802.jar
28-02-2008  01:51           122.803 org.eclipse.jface.databinding_1.1.1.M20080207-0800.jar
28-02-2008  01:51           844.757 org.eclipse.jface.text_3.3.2.r332_20071017-0800.jar
28-02-2008  01:51           975.389 org.eclipse.jface_3.3.2.M20080207-0800.jar
28-02-2008  01:51         1.999.691 org.eclipse.swt.win32.win32.x86_3.3.3.v3349.jar
28-02-2008  01:51           233.481 org.eclipse.text_3.3.0.v20070606-0010.jar
              22 File(s)     11.829.040 bytes

 Directory of D:\eclipse_workspaces\rcp\Dynamo-HIA_UI\lib\CVS

27-06-2008  10:37    <DIR>          .
27-06-2008  10:37    <DIR>          ..
27-06-2008  10:37             1.661 Entries
27-06-2008  10:37                19 Repository
27-06-2008  10:37                47 Root
               3 File(s)          1.727 bytes

 Directory of D:\eclipse_workspaces\rcp\Dynamo-HIA_UI\src

08-07-2008  17:41    <DIR>          .
08-07-2008  17:41    <DIR>          ..
27-06-2008  10:37    <DIR>          CVS
21-02-2008  21:30             2.485 examples_fileviewer.properties
01-07-2008  17:29               938 log4j.properties
27-06-2008  10:37    <DIR>          nl
10-07-2008  10:16    <DIR>          org
               2 File(s)          3.423 bytes

 Directory of D:\eclipse_workspaces\rcp\Dynamo-HIA_UI\src\CVS

27-06-2008  10:37    <DIR>          .
27-06-2008  10:37    <DIR>          ..
10-07-2008  10:16               135 Entries
27-06-2008  10:37                19 Repository
27-06-2008  10:37                47 Root
               3 File(s)            201 bytes

 Directory of D:\eclipse_workspaces\rcp\Dynamo-HIA_UI\src\nl

27-06-2008  10:37    <DIR>          .
27-06-2008  10:37    <DIR>          ..
27-06-2008  10:37    <DIR>          CVS
27-06-2008  10:37    <DIR>          rivm
               0 File(s)              0 bytes

 Directory of D:\eclipse_workspaces\rcp\Dynamo-HIA_UI\src\nl\CVS

27-06-2008  10:37    <DIR>          .
27-06-2008  10:37    <DIR>          ..
27-06-2008  10:37                12 Entries
27-06-2008  10:37                22 Repository
27-06-2008  10:37                47 Root
               3 File(s)             81 bytes

 Directory of D:\eclipse_workspaces\rcp\Dynamo-HIA_UI\src\nl\rivm

27-06-2008  10:37    <DIR>          .
27-06-2008  10:37    <DIR>          ..
27-06-2008  10:37    <DIR>          CVS
27-06-2008  10:37    <DIR>          emi
               0 File(s)              0 bytes

 Directory of D:\eclipse_workspaces\rcp\Dynamo-HIA_UI\src\nl\rivm\CVS

27-06-2008  10:37    <DIR>          .
27-06-2008  10:37    <DIR>          ..
27-06-2008  10:37                11 Entries
27-06-2008  10:37                27 Repository
27-06-2008  10:37                47 Root
               3 File(s)             85 bytes

 Directory of D:\eclipse_workspaces\rcp\Dynamo-HIA_UI\src\nl\rivm\emi

27-06-2008  10:37    <DIR>          .
27-06-2008  10:37    <DIR>          ..
27-06-2008  10:37    <DIR>          cdm
27-06-2008  10:37    <DIR>          CVS
01-07-2008  13:11    <DIR>          dynamo
               0 File(s)              0 bytes

 Directory of D:\eclipse_workspaces\rcp\Dynamo-HIA_UI\src\nl\rivm\emi\cdm

27-06-2008  10:37    <DIR>          .
27-06-2008  10:37    <DIR>          ..
27-06-2008  10:37    <DIR>          CVS
27-06-2008  10:37    <DIR>          exceptions
               0 File(s)              0 bytes

 Directory of D:\eclipse_workspaces\rcp\Dynamo-HIA_UI\src\nl\rivm\emi\cdm\CVS

27-06-2008  10:37    <DIR>          .
27-06-2008  10:37    <DIR>          ..
27-06-2008  10:37                18 Entries
27-06-2008  10:37                35 Repository
27-06-2008  10:37                47 Root
               3 File(s)            100 bytes

 Directory of D:\eclipse_workspaces\rcp\Dynamo-HIA_UI\src\nl\rivm\emi\cdm\exceptions

27-06-2008  10:37    <DIR>          .
27-06-2008  10:37    <DIR>          ..
26-06-2008  17:46             5.316 CDMConfigurationException.java
27-06-2008  10:37    <DIR>          CVS
               1 File(s)          5.316 bytes

 Directory of D:\eclipse_workspaces\rcp\Dynamo-HIA_UI\src\nl\rivm\emi\cdm\exceptions\CVS

27-06-2008  10:37    <DIR>          .
27-06-2008  10:37    <DIR>          ..
27-06-2008  10:37                64 Entries
27-06-2008  10:37                46 Repository
27-06-2008  10:37                47 Root
               3 File(s)            157 bytes

 Directory of D:\eclipse_workspaces\rcp\Dynamo-HIA_UI\src\nl\rivm\emi\CVS

27-06-2008  10:37    <DIR>          .
27-06-2008  10:37    <DIR>          ..
27-06-2008  10:37                25 Entries
27-06-2008  10:37                31 Repository
27-06-2008  10:37                47 Root
               3 File(s)            103 bytes

 Directory of D:\eclipse_workspaces\rcp\Dynamo-HIA_UI\src\nl\rivm\emi\dynamo

01-07-2008  13:11    <DIR>          .
01-07-2008  13:11    <DIR>          ..
27-06-2008  10:37    <DIR>          CVS
02-07-2008  14:07    <DIR>          data
02-07-2008  17:05    <DIR>          databinding
27-06-2008  10:37    <DIR>          listeners
09-07-2008  13:37    <DIR>          ui
               0 File(s)              0 bytes

 Directory of D:\eclipse_workspaces\rcp\Dynamo-HIA_UI\src\nl\rivm\emi\dynamo\CVS

27-06-2008  10:37    <DIR>          .
27-06-2008  10:37    <DIR>          ..
02-07-2008  17:05                58 Entries
27-06-2008  10:37                38 Repository
27-06-2008  10:37                47 Root
               3 File(s)            143 bytes

 Directory of D:\eclipse_workspaces\rcp\Dynamo-HIA_UI\src\nl\rivm\emi\dynamo\data

02-07-2008  14:07    <DIR>          .
02-07-2008  14:07    <DIR>          ..
26-06-2008  15:36               415 AgeContainer.java
27-06-2008  10:37    <DIR>          CVS
26-06-2008  15:36               646 Gender.java
26-06-2008  15:36             1.094 IntegerValidator.java
26-06-2008  15:36               356 Probability.java
26-06-2008  17:44             6.123 SimulationFromXMLFactory.java
02-07-2008  17:05    <DIR>          values
               5 File(s)          8.634 bytes

 Directory of D:\eclipse_workspaces\rcp\Dynamo-HIA_UI\src\nl\rivm\emi\dynamo\data\CVS

27-06-2008  10:37    <DIR>          .
27-06-2008  10:37    <DIR>          ..
02-07-2008  17:05               296 Entries
27-06-2008  10:37                43 Repository
27-06-2008  10:37                47 Root
               3 File(s)            386 bytes

 Directory of D:\eclipse_workspaces\rcp\Dynamo-HIA_UI\src\nl\rivm\emi\dynamo\data\values

02-07-2008  17:05    <DIR>          .
02-07-2008  17:05    <DIR>          ..
02-07-2008  15:06             1.833 AgeWritableValue.java
02-07-2008  17:06    <DIR>          CVS
               1 File(s)          1.833 bytes

 Directory of D:\eclipse_workspaces\rcp\Dynamo-HIA_UI\src\nl\rivm\emi\dynamo\data\values\CVS

02-07-2008  17:06    <DIR>          .
02-07-2008  17:06    <DIR>          ..
02-07-2008  17:06                55 Entries
02-07-2008  17:05                50 Repository
02-07-2008  17:05                47 Root
               3 File(s)            152 bytes

 Directory of D:\eclipse_workspaces\rcp\Dynamo-HIA_UI\src\nl\rivm\emi\dynamo\databinding

02-07-2008  17:05    <DIR>          .
02-07-2008  17:05    <DIR>          ..
02-07-2008  17:05    <DIR>          converters
02-07-2008  17:05    <DIR>          CVS
02-07-2008  17:05    <DIR>          validators
               0 File(s)              0 bytes

 Directory of D:\eclipse_workspaces\rcp\Dynamo-HIA_UI\src\nl\rivm\emi\dynamo\databinding\converters

02-07-2008  17:05    <DIR>          .
02-07-2008  17:05    <DIR>          ..
02-07-2008  13:03               910 AgeIntegerToStringConverter.java
02-07-2008  11:44               920 AgeStringToIntegerConverter.java
02-07-2008  17:06    <DIR>          CVS
               2 File(s)          1.830 bytes

 Directory of D:\eclipse_workspaces\rcp\Dynamo-HIA_UI\src\nl\rivm\emi\dynamo\databinding\converters\CVS

02-07-2008  17:06    <DIR>          .
02-07-2008  17:06    <DIR>          ..
02-07-2008  17:06               132 Entries
02-07-2008  17:05                61 Repository
02-07-2008  17:05                47 Root
               3 File(s)            240 bytes

 Directory of D:\eclipse_workspaces\rcp\Dynamo-HIA_UI\src\nl\rivm\emi\dynamo\databinding\CVS

02-07-2008  17:05    <DIR>          .
02-07-2008  17:05    <DIR>          ..
02-07-2008  17:05                36 Entries
02-07-2008  17:05                50 Repository
02-07-2008  17:05                47 Root
               3 File(s)            133 bytes

 Directory of D:\eclipse_workspaces\rcp\Dynamo-HIA_UI\src\nl\rivm\emi\dynamo\databinding\validators

02-07-2008  17:05    <DIR>          .
02-07-2008  17:05    <DIR>          ..
02-07-2008  14:01             2.517 AfterGetFromViewAgeValidator.java
02-07-2008  17:05    <DIR>          CVS
01-07-2008  13:11             1.702 GenderValidator.java
02-07-2008  14:52               797 IntegerInAgeRangeValidator.java
02-07-2008  17:05    <DIR>          test
               3 File(s)          5.016 bytes

 Directory of D:\eclipse_workspaces\rcp\Dynamo-HIA_UI\src\nl\rivm\emi\dynamo\databinding\validators\CVS

02-07-2008  17:05    <DIR>          .
02-07-2008  17:05    <DIR>          ..
02-07-2008  17:06               198 Entries
02-07-2008  17:05                61 Repository
02-07-2008  17:05                47 Root
               3 File(s)            306 bytes

 Directory of D:\eclipse_workspaces\rcp\Dynamo-HIA_UI\src\nl\rivm\emi\dynamo\databinding\validators\test

02-07-2008  17:05    <DIR>          .
02-07-2008  17:05    <DIR>          ..
02-07-2008  17:06    <DIR>          CVS
02-07-2008  13:20             3.039 TestValidators.java
               1 File(s)          3.039 bytes

 Directory of D:\eclipse_workspaces\rcp\Dynamo-HIA_UI\src\nl\rivm\emi\dynamo\databinding\validators\test\CVS

02-07-2008  17:06    <DIR>          .
02-07-2008  17:06    <DIR>          ..
02-07-2008  17:06                53 Entries
02-07-2008  17:05                66 Repository
02-07-2008  17:05                47 Root
               3 File(s)            166 bytes

 Directory of D:\eclipse_workspaces\rcp\Dynamo-HIA_UI\src\nl\rivm\emi\dynamo\listeners

27-06-2008  10:37    <DIR>          .
27-06-2008  10:37    <DIR>          ..
25-06-2008  13:30               309 AbstractLoggingClass.java
27-06-2008  10:37    <DIR>          CVS
25-06-2008  13:36               666 TestControlListener.java
25-06-2008  14:26               496 TestDisposeListener.java
25-06-2008  14:26               513 TestDragDetectlListener.java
25-06-2008  14:26               636 TestFocusListener.java
25-06-2008  14:26               477 TestHelpListener.java
25-06-2008  14:26               630 TestKeyListener.java
25-06-2008  14:25               394 TestListener.java
25-06-2008  14:26               512 TestMenuDetectListener.java
25-06-2008  14:25               808 TestMouseListener.java
25-06-2008  14:25               494 TestMouseMoveListener.java
25-06-2008  14:25               820 TestMouseTrackListener.java
25-06-2008  14:25               506 TestMouseWheelListener.java
25-06-2008  14:22               484 TestPaintListener.java
25-06-2008  14:23               700 TestSelectionListener.java
25-06-2008  14:25               502 TestTraverseListener.java
              16 File(s)          8.947 bytes

 Directory of D:\eclipse_workspaces\rcp\Dynamo-HIA_UI\src\nl\rivm\emi\dynamo\listeners\CVS

27-06-2008  10:37    <DIR>          .
27-06-2008  10:37    <DIR>          ..
27-06-2008  10:37               927 Entries
27-06-2008  10:37                48 Repository
27-06-2008  10:37                47 Root
               3 File(s)          1.022 bytes

 Directory of D:\eclipse_workspaces\rcp\Dynamo-HIA_UI\src\nl\rivm\emi\dynamo\ui

09-07-2008  13:37    <DIR>          .
09-07-2008  13:37    <DIR>          ..
27-06-2008  10:37    <DIR>          CVS
27-06-2008  10:37    <DIR>          main
30-06-2008  15:44    <DIR>          parametercontrols
27-06-2008  10:37    <DIR>          poc
11-07-2008  15:33    <DIR>          treecontrol
02-07-2008  17:05    <DIR>          verification
               0 File(s)              0 bytes

 Directory of D:\eclipse_workspaces\rcp\Dynamo-HIA_UI\src\nl\rivm\emi\dynamo\ui\CVS

27-06-2008  10:37    <DIR>          .
27-06-2008  10:37    <DIR>          ..
10-07-2008  10:16                87 Entries
27-06-2008  10:37                41 Repository
27-06-2008  10:37                47 Root
               3 File(s)            175 bytes

 Directory of D:\eclipse_workspaces\rcp\Dynamo-HIA_UI\src\nl\rivm\emi\dynamo\ui\main

27-06-2008  10:37    <DIR>          .
27-06-2008  10:37    <DIR>          ..
19-06-2008  12:07               303 ContainerTreeItem.java
27-06-2008  10:37    <DIR>          CVS
19-06-2008  13:21             2.013 TreeViewWindow.java
               2 File(s)          2.316 bytes

 Directory of D:\eclipse_workspaces\rcp\Dynamo-HIA_UI\src\nl\rivm\emi\dynamo\ui\main\CVS

27-06-2008  10:37    <DIR>          .
27-06-2008  10:37    <DIR>          ..
27-06-2008  10:37               109 Entries
27-06-2008  10:37                46 Repository
27-06-2008  10:37                47 Root
               3 File(s)            202 bytes

 Directory of D:\eclipse_workspaces\rcp\Dynamo-HIA_UI\src\nl\rivm\emi\dynamo\ui\parametercontrols

30-06-2008  15:44    <DIR>          .
30-06-2008  15:44    <DIR>          ..
30-06-2008  15:44             2.428 AgeGenderList.java
27-06-2008  10:37    <DIR>          CVS
02-07-2008  14:41             1.501 DatabindableAgeGenderRow.java
26-06-2008  15:38             7.641 DemoTableViewer.java
09-07-2008  13:36    <DIR>          prototype
26-06-2008  13:53            10.043 Snippet013TableViewerEditing.java
03-07-2008  12:02    <DIR>          test
19-06-2008  17:48               658 YearIntegerDataRow.java
19-06-2008  17:48             1.953 YearIntegerList.java
               6 File(s)         24.224 bytes

 Directory of D:\eclipse_workspaces\rcp\Dynamo-HIA_UI\src\nl\rivm\emi\dynamo\ui\parametercontrols\CVS

27-06-2008  10:37    <DIR>          .
27-06-2008  10:37    <DIR>          ..
02-07-2008  17:06               376 Entries
27-06-2008  10:37                59 Repository
27-06-2008  10:37                47 Root
               3 File(s)            482 bytes

 Directory of D:\eclipse_workspaces\rcp\Dynamo-HIA_UI\src\nl\rivm\emi\dynamo\ui\parametercontrols\prototype

09-07-2008  13:36    <DIR>          .
09-07-2008  13:36    <DIR>          ..
02-07-2008  14:42             8.685 AgeGenderDatabindingPrototype.java
30-06-2008  15:05               971 AgeGenderRow.java
02-07-2008  17:05    <DIR>          CVS
02-07-2008  16:49             2.547 SingleAgeGenderComposite.java
03-07-2008  12:05    <DIR>          test
               3 File(s)         12.203 bytes

 Directory of D:\eclipse_workspaces\rcp\Dynamo-HIA_UI\src\nl\rivm\emi\dynamo\ui\parametercontrols\prototype\CVS

02-07-2008  17:05    <DIR>          .
02-07-2008  17:05    <DIR>          ..
02-07-2008  17:06               194 Entries
02-07-2008  17:05                69 Repository
02-07-2008  17:05                47 Root
               3 File(s)            310 bytes

 Directory of D:\eclipse_workspaces\rcp\Dynamo-HIA_UI\src\nl\rivm\emi\dynamo\ui\parametercontrols\prototype\test

03-07-2008  12:05    <DIR>          .
03-07-2008  12:05    <DIR>          ..
02-07-2008  17:06    <DIR>          CVS
03-07-2008  12:08             1.221 ScrollListener.java
03-07-2008  11:37             2.938 TestAgeGenderList.java
               2 File(s)          4.159 bytes

 Directory of D:\eclipse_workspaces\rcp\Dynamo-HIA_UI\src\nl\rivm\emi\dynamo\ui\parametercontrols\prototype\test\CVS

02-07-2008  17:06    <DIR>          .
02-07-2008  17:06    <DIR>          ..
10-07-2008  10:16               109 Entries
02-07-2008  17:05                74 Repository
02-07-2008  17:05                47 Root
               3 File(s)            230 bytes

 Directory of D:\eclipse_workspaces\rcp\Dynamo-HIA_UI\src\nl\rivm\emi\dynamo\ui\parametercontrols\test

03-07-2008  12:02    <DIR>          .
03-07-2008  12:02    <DIR>          ..
27-06-2008  10:37    <DIR>          CVS
03-07-2008  11:45             3.476 TestLists.java
03-07-2008  13:31             4.528 TestScrollingYearNumberList.java
               2 File(s)          8.004 bytes

 Directory of D:\eclipse_workspaces\rcp\Dynamo-HIA_UI\src\nl\rivm\emi\dynamo\ui\parametercontrols\test\CVS

27-06-2008  10:37    <DIR>          .
27-06-2008  10:37    <DIR>          ..
10-07-2008  10:16               114 Entries
27-06-2008  10:37                64 Repository
27-06-2008  10:37                47 Root
               3 File(s)            225 bytes

 Directory of D:\eclipse_workspaces\rcp\Dynamo-HIA_UI\src\nl\rivm\emi\dynamo\ui\poc

27-06-2008  10:37    <DIR>          .
27-06-2008  10:37    <DIR>          ..
19-06-2008  10:16             3.980 ButtonPanel.java
27-06-2008  10:37    <DIR>          CVS
19-06-2008  10:16             1.849 DiseasePanel.java
19-06-2008  10:16             2.635 HelpPanel.java
19-06-2008  13:26             4.573 IncidenceDataTable.java
19-06-2008  10:16             9.890 IncidenceMaintenanceScreenDummy.java
19-06-2008  13:26             3.031 IncidencePanel.java
19-06-2008  10:16             7.305 IncidenceValuesChart.java
19-06-2008  10:16             1.317 MyTextViewer.java
19-06-2008  10:16             3.831 SimScreenDemo.java
               9 File(s)         38.411 bytes

 Directory of D:\eclipse_workspaces\rcp\Dynamo-HIA_UI\src\nl\rivm\emi\dynamo\ui\poc\CVS

27-06-2008  10:37    <DIR>          .
27-06-2008  10:37    <DIR>          ..
27-06-2008  10:37               491 Entries
27-06-2008  10:37                45 Repository
27-06-2008  10:37                47 Root
               3 File(s)            583 bytes

 Directory of D:\eclipse_workspaces\rcp\Dynamo-HIA_UI\src\nl\rivm\emi\dynamo\ui\treecontrol

11-07-2008  15:33    <DIR>          .
11-07-2008  15:33    <DIR>          ..
11-07-2008  11:38               225 BaseNode.java
11-07-2008  11:52               204 ChildNode.java
10-07-2008  10:16    <DIR>          CVS
11-07-2008  15:23             1.818 DirectoryNode.java
11-07-2008  18:39    <DIR>          examples
11-07-2008  15:24               720 FileNode.java
11-07-2008  14:59               329 ParentNode.java
11-07-2008  15:29             1.418 RootNode.java
11-07-2008  18:09             2.351 StorageTree.java
11-07-2008  15:38             2.068 StorageTreeContentProvider.java
10-07-2008  13:55               173 StorageTreeException.java
10-07-2008  16:16    <DIR>          test
11-07-2008  16:05             2.185 TreeViewerPlusCustomMenu.java
              10 File(s)         11.491 bytes

 Directory of D:\eclipse_workspaces\rcp\Dynamo-HIA_UI\src\nl\rivm\emi\dynamo\ui\treecontrol\CVS

10-07-2008  10:16    <DIR>          .
10-07-2008  10:16    <DIR>          ..
11-07-2008  18:39               555 Entries
10-07-2008  10:16                53 Repository
10-07-2008  10:16                47 Root
               3 File(s)            655 bytes

 Directory of D:\eclipse_workspaces\rcp\Dynamo-HIA_UI\src\nl\rivm\emi\dynamo\ui\treecontrol\examples

11-07-2008  18:39    <DIR>          .
11-07-2008  18:39    <DIR>          ..
21-02-2008  21:30               167 cmd_Copy.gif
21-02-2008  21:30               152 cmd_Cut.gif
21-02-2008  21:30               143 cmd_Delete.gif
21-02-2008  21:30               132 cmd_Parent.gif
21-02-2008  21:30               245 cmd_Paste.gif
21-02-2008  21:30               227 cmd_Print.gif
21-02-2008  21:30               182 cmd_Refresh.gif
21-02-2008  21:30               163 cmd_Rename.gif
21-02-2008  21:30               153 cmd_Search.gif
11-07-2008  18:39    <DIR>          CVS
11-07-2008  15:33            56.475 Example_FileTreeViewer.java
21-02-2008  21:30               158 generic_example.gif
11-07-2008  15:33             4.236 IconCache.java
21-02-2008  21:30               217 icon_ClosedDrive.gif
21-02-2008  21:30               160 icon_ClosedFolder.gif
21-02-2008  21:30               152 icon_File.gif
21-02-2008  21:30               231 icon_OpenDrive.gif
21-02-2008  21:30               152 icon_OpenFolder.gif
              17 File(s)         63.345 bytes

 Directory of D:\eclipse_workspaces\rcp\Dynamo-HIA_UI\src\nl\rivm\emi\dynamo\ui\treecontrol\examples\CVS

11-07-2008  18:39    <DIR>          .
11-07-2008  18:39    <DIR>          ..
11-07-2008  18:39               894 Entries
11-07-2008  18:39                62 Repository
11-07-2008  18:39                47 Root
               3 File(s)          1.003 bytes

 Directory of D:\eclipse_workspaces\rcp\Dynamo-HIA_UI\src\nl\rivm\emi\dynamo\ui\treecontrol\test

10-07-2008  16:16    <DIR>          .
10-07-2008  16:16    <DIR>          ..
10-07-2008  10:16    <DIR>          CVS
11-07-2008  15:34             2.193 Test2.java
10-07-2008  13:55             3.275 TestSimplifiedFileTreeViewer.java
10-07-2008  13:55             2.548 TestStorageTree.java
               3 File(s)          8.016 bytes

 Directory of D:\eclipse_workspaces\rcp\Dynamo-HIA_UI\src\nl\rivm\emi\dynamo\ui\treecontrol\test\CVS

10-07-2008  10:16    <DIR>          .
10-07-2008  10:16    <DIR>          ..
11-07-2008  18:39               165 Entries
10-07-2008  10:16                58 Repository
10-07-2008  10:16                47 Root
               3 File(s)            270 bytes

 Directory of D:\eclipse_workspaces\rcp\Dynamo-HIA_UI\src\nl\rivm\emi\dynamo\ui\verification

02-07-2008  17:05    <DIR>          .
02-07-2008  17:05    <DIR>          ..
02-07-2008  18:17             1.083 AgeTextVerificationListener.java
02-07-2008  17:06    <DIR>          CVS
               1 File(s)          1.083 bytes

 Directory of D:\eclipse_workspaces\rcp\Dynamo-HIA_UI\src\nl\rivm\emi\dynamo\ui\verification\CVS

02-07-2008  17:06    <DIR>          .
02-07-2008  17:06    <DIR>          ..
10-07-2008  10:16                66 Entries
02-07-2008  17:05                54 Repository
02-07-2008  17:05                47 Root
               3 File(s)            167 bytes

 Directory of D:\eclipse_workspaces\rcp\Dynamo-HIA_UI\src\org

10-07-2008  10:16    <DIR>          .
10-07-2008  10:16    <DIR>          ..
10-07-2008  10:16    <DIR>          CVS
10-07-2008  10:16    <DIR>          eclipse
               0 File(s)              0 bytes

 Directory of D:\eclipse_workspaces\rcp\Dynamo-HIA_UI\src\org\CVS

10-07-2008  10:16    <DIR>          .
10-07-2008  10:16    <DIR>          ..
10-07-2008  10:16                15 Entries
10-07-2008  10:16                23 Repository
10-07-2008  10:16                47 Root
               3 File(s)             85 bytes

 Directory of D:\eclipse_workspaces\rcp\Dynamo-HIA_UI\src\org\eclipse

10-07-2008  10:16    <DIR>          .
10-07-2008  10:16    <DIR>          ..
10-07-2008  10:16    <DIR>          CVS
10-07-2008  10:16    <DIR>          jface
10-07-2008  10:16    <DIR>          swt
               0 File(s)              0 bytes

 Directory of D:\eclipse_workspaces\rcp\Dynamo-HIA_UI\src\org\eclipse\CVS

10-07-2008  10:16    <DIR>          .
10-07-2008  10:16    <DIR>          ..
10-07-2008  10:16                24 Entries
10-07-2008  10:16                31 Repository
10-07-2008  10:16                47 Root
               3 File(s)            102 bytes

 Directory of D:\eclipse_workspaces\rcp\Dynamo-HIA_UI\src\org\eclipse\jface

10-07-2008  10:16    <DIR>          .
10-07-2008  10:16    <DIR>          ..
10-07-2008  10:16    <DIR>          CVS
10-07-2008  10:16    <DIR>          snippets
               0 File(s)              0 bytes

 Directory of D:\eclipse_workspaces\rcp\Dynamo-HIA_UI\src\org\eclipse\jface\CVS

10-07-2008  10:16    <DIR>          .
10-07-2008  10:16    <DIR>          ..
10-07-2008  10:16                16 Entries
10-07-2008  10:16                37 Repository
10-07-2008  10:16                47 Root
               3 File(s)            100 bytes

 Directory of D:\eclipse_workspaces\rcp\Dynamo-HIA_UI\src\org\eclipse\jface\snippets

10-07-2008  10:16    <DIR>          .
10-07-2008  10:16    <DIR>          ..
10-07-2008  10:16    <DIR>          CVS
10-07-2008  10:16    <DIR>          viewers
               0 File(s)              0 bytes

 Directory of D:\eclipse_workspaces\rcp\Dynamo-HIA_UI\src\org\eclipse\jface\snippets\CVS

10-07-2008  10:16    <DIR>          .
10-07-2008  10:16    <DIR>          ..
10-07-2008  10:16                15 Entries
10-07-2008  10:16                46 Repository
10-07-2008  10:16                47 Root
               3 File(s)            108 bytes

 Directory of D:\eclipse_workspaces\rcp\Dynamo-HIA_UI\src\org\eclipse\jface\snippets\viewers

10-07-2008  10:16    <DIR>          .
10-07-2008  10:16    <DIR>          ..
10-07-2008  10:16    <DIR>          CVS
09-07-2008  11:11             4.587 Snippet005TreeCustomMenu.java
               1 File(s)          4.587 bytes

 Directory of D:\eclipse_workspaces\rcp\Dynamo-HIA_UI\src\org\eclipse\jface\snippets\viewers\CVS

10-07-2008  10:16    <DIR>          .
10-07-2008  10:16    <DIR>          ..
10-07-2008  10:16                63 Entries
10-07-2008  10:16                54 Repository
10-07-2008  10:16                47 Root
               3 File(s)            164 bytes

 Directory of D:\eclipse_workspaces\rcp\Dynamo-HIA_UI\src\org\eclipse\swt

10-07-2008  10:16    <DIR>          .
10-07-2008  10:16    <DIR>          ..
10-07-2008  10:16    <DIR>          CVS
10-07-2008  10:16    <DIR>          examples
               0 File(s)              0 bytes

 Directory of D:\eclipse_workspaces\rcp\Dynamo-HIA_UI\src\org\eclipse\swt\CVS

10-07-2008  10:16    <DIR>          .
10-07-2008  10:16    <DIR>          ..
10-07-2008  10:16                16 Entries
10-07-2008  10:16                35 Repository
10-07-2008  10:16                47 Root
               3 File(s)             98 bytes

 Directory of D:\eclipse_workspaces\rcp\Dynamo-HIA_UI\src\org\eclipse\swt\examples

10-07-2008  10:16    <DIR>          .
10-07-2008  10:16    <DIR>          ..
10-07-2008  10:16    <DIR>          CVS
10-07-2008  10:16    <DIR>          fileviewer
               0 File(s)              0 bytes

 Directory of D:\eclipse_workspaces\rcp\Dynamo-HIA_UI\src\org\eclipse\swt\examples\CVS

10-07-2008  10:16    <DIR>          .
10-07-2008  10:16    <DIR>          ..
10-07-2008  10:16                18 Entries
10-07-2008  10:16                44 Repository
10-07-2008  10:16                47 Root
               3 File(s)            109 bytes

 Directory of D:\eclipse_workspaces\rcp\Dynamo-HIA_UI\src\org\eclipse\swt\examples\fileviewer

10-07-2008  10:16    <DIR>          .
10-07-2008  10:16    <DIR>          ..
21-02-2008  21:30               167 cmd_Copy.gif
21-02-2008  21:30               152 cmd_Cut.gif
21-02-2008  21:30               143 cmd_Delete.gif
21-02-2008  21:30               132 cmd_Parent.gif
21-02-2008  21:30               245 cmd_Paste.gif
21-02-2008  21:30               227 cmd_Print.gif
21-02-2008  21:30               182 cmd_Refresh.gif
21-02-2008  21:30               163 cmd_Rename.gif
21-02-2008  21:30               153 cmd_Search.gif
10-07-2008  10:16    <DIR>          CVS
09-07-2008  13:39            56.346 FileViewer.java
21-02-2008  21:30               158 generic_example.gif
09-07-2008  13:38             4.216 IconCache.java
21-02-2008  21:30               217 icon_ClosedDrive.gif
21-02-2008  21:30               160 icon_ClosedFolder.gif
21-02-2008  21:30               152 icon_File.gif
21-02-2008  21:30               231 icon_OpenDrive.gif
21-02-2008  21:30               152 icon_OpenFolder.gif
09-07-2008  13:38             3.463 TestTree.java
              18 File(s)         66.659 bytes

 Directory of D:\eclipse_workspaces\rcp\Dynamo-HIA_UI\src\org\eclipse\swt\examples\fileviewer\CVS

10-07-2008  10:16    <DIR>          .
10-07-2008  10:16    <DIR>          ..
10-07-2008  10:16               929 Entries
10-07-2008  10:16                55 Repository
10-07-2008  10:16                47 Root
               3 File(s)          1.031 bytes

     Total Files Listed:
             419 File(s)     12.485.290 bytes
             314 Dir(s)  102.627.508.224 bytes free
